📋 共 5 只ETF待查询
📊 正在获取所有ETF列表（每页200只）...
  已获取 200/1645 只ETF
  已获取 400/1645 只ETF
  已获取 600/1645 只ETF
  已获取 800/1645 只ETF
  已获取 1000/1645 只ETF
  已获取 1200/1645 只ETF
  已获取 1400/1645 只ETF
  已获取 1600/1645 只ETF
  已获取 1645/1645 只ETF
✅ 共获取 1645 只ETF
✅ 找到 5/5 只匹配的ETF
⏱️ 步骤1耗时: 30.3秒
📉 正在计算 5 只ETF的最大回撤...
  [1/5] 159915.XSHE...
  [2/5] 512100.XSHG...
  [3/5] 510300.XSHG...
  [4/5] 510500.XSHG...
  [5/5] 510050.XSHG...
✅ 最大回撤计算完成
⏱️ 步骤2耗时: 5.8秒
✅ 数据已保存到: test_complete_5etfs.json
⏱️ 总耗时: 36.1秒 (0.6分钟)

📊 数据字段说明:
  实时数据: close, open, high, low, volume, turnover...
  多周期收益率: change_rate_5d/10d/20d/60d/6m/1y/2y/3y/ytd
  最大回撤: max_drawdown
  市值数据: market_cap_total, market_cap_circulating
  交易数据: turnover_rate, amplitude, order_ratio...
